Copyright 1986-2017 Xilinx, Inc. All Rights Reserved.
----------------------------------------------------------------------------------------------------------------------------------------------------------------
| Tool Version     : Vivado v.2017.3 (win64) Build 2018833 Wed Oct  4 19:58:22 MDT 2017
| Date             : Wed Dec 30 17:28:31 2020
| Host             : DESKTOP-LGQGIHC running 64-bit major release  (build 9200)
| Command          : report_power -file MiniMIPS32_SYS_power_routed.rpt -pb MiniMIPS32_SYS_power_summary_routed.pb -rpx MiniMIPS32_SYS_power_routed.rpx
| Design           : MiniMIPS32_SYS
| Device           : xc7a100tcsg324-1
| Design State     : routed
| Grade            : commercial
| Process          : typical
| Characterization : Production
----------------------------------------------------------------------------------------------------------------------------------------------------------------

Power Report

Table of Contents
-----------------
1. Summary
1.1 On-Chip Components
1.2 Power Supply Summary
1.3 Confidence Level
2. Settings
2.1 Environment
2.2 Clock Constraints
3. Detailed Reports
3.1 By Hierarchy

1. Summary
----------

+--------------------------+--------------+
| Total On-Chip Power (W)  | 0.216        |
| Design Power Budget (W)  | Unspecified* |
| Power Budget Margin (W)  | NA           |
| Dynamic (W)              | 0.117        |
| Device Static (W)        | 0.099        |
| Effective TJA (C/W)      | 4.6          |
| Max Ambient (C)          | 84.0         |
| Junction Temperature (C) | 26.0         |
| Confidence Level         | Medium       |
| Setting File             | ---          |
| Simulation Activity File | ---          |
| Design Nets Matched      | NA           |
+--------------------------+--------------+
* Specify Design Power Budget using, set_operating_conditions -design_power_budget <value in Watts>


1.1 On-Chip Components
----------------------

+----------------+-----------+----------+-----------+-----------------+
| On-Chip        | Power (W) | Used     | Available | Utilization (%) |
+----------------+-----------+----------+-----------+-----------------+
| Clocks         |     0.005 |        8 |       --- |             --- |
| Slice Logic    |     0.003 |     6985 |       --- |             --- |
|   LUT as Logic |     0.003 |     3625 |     63400 |            5.72 |
|   CARRY4       |    <0.001 |      195 |     15850 |            1.23 |
|   Register     |    <0.001 |     2140 |    126800 |            1.69 |
|   F7/F8 Muxes  |    <0.001 |      283 |     63400 |            0.45 |
|   Others       |     0.000 |       82 |       --- |             --- |
| Signals        |     0.004 |     6156 |       --- |             --- |
| Block RAM      |     0.003 |       31 |       135 |           22.96 |
| PLL            |     0.099 |        1 |         6 |           16.67 |
| DSPs           |    <0.001 |        8 |       240 |            3.33 |
| I/O            |     0.002 |       39 |       210 |           18.57 |
| Static Power   |     0.099 |          |           |                 |
| Total          |     0.216 |          |           |                 |
+----------------+-----------+----------+-----------+-----------------+


1.2 Power Supply Summary
------------------------

+-----------+-------------+-----------+-------------+------------+
| Source    | Voltage (V) | Total (A) | Dynamic (A) | Static (A) |
+-----------+-------------+-----------+-------------+------------+
| Vccint    |       1.000 |     0.041 |       0.025 |      0.016 |
| Vccaux    |       1.800 |     0.068 |       0.050 |      0.018 |
| Vcco33    |       3.300 |     0.005 |       0.001 |      0.004 |
| Vcco25    |       2.500 |     0.000 |       0.000 |      0.000 |
| Vcco18    |       1.800 |     0.000 |       0.000 |      0.000 |
| Vcco15    |       1.500 |     0.000 |       0.000 |      0.000 |
| Vcco135   |       1.350 |     0.000 |       0.000 |      0.000 |
| Vcco12    |       1.200 |     0.000 |       0.000 |      0.000 |
| Vccaux_io |       1.800 |     0.000 |       0.000 |      0.000 |
| Vccbram   |       1.000 |     0.001 |       0.000 |      0.001 |
| MGTAVcc   |       1.000 |     0.000 |       0.000 |      0.000 |
| MGTAVtt   |       1.200 |     0.000 |       0.000 |      0.000 |
| Vccadc    |       1.800 |     0.020 |       0.000 |      0.020 |
+-----------+-------------+-----------+-------------+------------+


1.3 Confidence Level
--------------------

+-----------------------------+------------+-------------------------------------------------------+------------------------------------------------------------------------------------------------------------+
| User Input Data             | Confidence | Details                                               | Action                                                                                                     |
+-----------------------------+------------+-------------------------------------------------------+------------------------------------------------------------------------------------------------------------+
| Design implementation state | High       | Design is routed                                      |                                                                                                            |
| Clock nodes activity        | High       | User specified more than 95% of clocks                |                                                                                                            |
| I/O nodes activity          | Medium     | More than 5% of inputs are missing user specification | Provide missing input activity with simulation results or by editing the "By Resource Type -> I/Os" view   |
| Internal nodes activity     | Medium     | User specified less than 25% of internal nodes        | Provide missing internal nodes activity with simulation results or by editing the "By Resource Type" views |
| Device models               | High       | Device models are Production                          |                                                                                                            |
|                             |            |                                                       |                                                                                                            |
| Overall confidence level    | Medium     |                                                       |                                                                                                            |
+-----------------------------+------------+-------------------------------------------------------+------------------------------------------------------------------------------------------------------------+


2. Settings
-----------

2.1 Environment
---------------

+-----------------------+--------------------------+
| Ambient Temp (C)      | 25.0                     |
| ThetaJA (C/W)         | 4.6                      |
| Airflow (LFM)         | 250                      |
| Heat Sink             | medium (Medium Profile)  |
| ThetaSA (C/W)         | 4.6                      |
| Board Selection       | medium (10"x10")         |
| # of Board Layers     | 12to15 (12 to 15 Layers) |
| Board Temperature (C) | 25.0                     |
+-----------------------+--------------------------+


2.2 Clock Constraints
---------------------

+----------------------+----------------------------------+-----------------+
| Clock                | Domain                           | Constraint (ns) |
+----------------------+----------------------------------+-----------------+
| clk_out1_clk_wiz_0   | clocking/inst/clk_out1_clk_wiz_0 |            20.0 |
| clk_out1_clk_wiz_0_1 | clocking/inst/clk_out1_clk_wiz_0 |            20.0 |
| clkfbout_clk_wiz_0   | clocking/inst/clkfbout_clk_wiz_0 |            20.0 |
| clkfbout_clk_wiz_0_1 | clocking/inst/clkfbout_clk_wiz_0 |            20.0 |
| sys_clk_100M         | sys_clk_100M                     |            10.0 |
| sys_clk_pin          | sys_clk_100M                     |            10.0 |
+----------------------+----------------------------------+-----------------+


3. Detailed Reports
-------------------

3.1 By Hierarchy
----------------

+----------------------------------------------+-----------+
| Name                                         | Power (W) |
+----------------------------------------------+-----------+
| MiniMIPS32_SYS                               |     0.117 |
|   clocking                                   |     0.100 |
|     inst                                     |     0.100 |
|   data_ram0                                  |    <0.001 |
|     U0                                       |    <0.001 |
|       inst_blk_mem_gen                       |    <0.001 |
|         gnbram.gnativebmg.native_blk_mem_gen |    <0.001 |
|           valid.cstr                         |    <0.001 |
|             ramloop[0].ram.r                 |    <0.001 |
|               prim_init.ram                  |    <0.001 |
|             ramloop[1].ram.r                 |    <0.001 |
|               prim_init.ram                  |    <0.001 |
|   dev_if0                                    |    <0.001 |
|   inst_rom0                                  |     0.003 |
|     U0                                       |     0.003 |
|       inst_blk_mem_gen                       |     0.003 |
|         gnbram.gnativebmg.native_blk_mem_gen |     0.003 |
|           valid.cstr                         |     0.003 |
|             bindec_a.bindec_inst_a           |    <0.001 |
|             has_mux_a.A                      |    <0.001 |
|             ramloop[0].ram.r                 |    <0.001 |
|               prim_init.ram                  |    <0.001 |
|             ramloop[10].ram.r                |    <0.001 |
|               prim_init.ram                  |    <0.001 |
|             ramloop[11].ram.r                |    <0.001 |
|               prim_init.ram                  |    <0.001 |
|             ramloop[12].ram.r                |    <0.001 |
|               prim_init.ram                  |    <0.001 |
|             ramloop[13].ram.r                |    <0.001 |
|               prim_init.ram                  |    <0.001 |
|             ramloop[14].ram.r                |    <0.001 |
|               prim_init.ram                  |    <0.001 |
|             ramloop[15].ram.r                |    <0.001 |
|               prim_init.ram                  |    <0.001 |
|             ramloop[16].ram.r                |    <0.001 |
|               prim_init.ram                  |    <0.001 |
|             ramloop[17].ram.r                |    <0.001 |
|               prim_init.ram                  |    <0.001 |
|             ramloop[18].ram.r                |    <0.001 |
|               prim_init.ram                  |    <0.001 |
|             ramloop[19].ram.r                |    <0.001 |
|               prim_init.ram                  |    <0.001 |
|             ramloop[1].ram.r                 |    <0.001 |
|               prim_init.ram                  |    <0.001 |
|             ramloop[20].ram.r                |    <0.001 |
|               prim_init.ram                  |    <0.001 |
|             ramloop[21].ram.r                |    <0.001 |
|               prim_init.ram                  |    <0.001 |
|             ramloop[22].ram.r                |    <0.001 |
|               prim_init.ram                  |    <0.001 |
|             ramloop[23].ram.r                |    <0.001 |
|               prim_init.ram                  |    <0.001 |
|             ramloop[24].ram.r                |    <0.001 |
|               prim_init.ram                  |    <0.001 |
|             ramloop[25].ram.r                |    <0.001 |
|               prim_init.ram                  |    <0.001 |
|             ramloop[26].ram.r                |    <0.001 |
|               prim_init.ram                  |    <0.001 |
|             ramloop[27].ram.r                |    <0.001 |
|               prim_init.ram                  |    <0.001 |
|             ramloop[28].ram.r                |    <0.001 |
|               prim_init.ram                  |    <0.001 |
|             ramloop[2].ram.r                 |    <0.001 |
|               prim_init.ram                  |    <0.001 |
|             ramloop[3].ram.r                 |    <0.001 |
|               prim_init.ram                  |    <0.001 |
|             ramloop[4].ram.r                 |    <0.001 |
|               prim_init.ram                  |    <0.001 |
|             ramloop[5].ram.r                 |    <0.001 |
|               prim_init.ram                  |    <0.001 |
|             ramloop[6].ram.r                 |    <0.001 |
|               prim_init.ram                  |    <0.001 |
|             ramloop[7].ram.r                 |    <0.001 |
|               prim_init.ram                  |    <0.001 |
|             ramloop[8].ram.r                 |    <0.001 |
|               prim_init.ram                  |    <0.001 |
|             ramloop[9].ram.r                 |    <0.001 |
|               prim_init.ram                  |    <0.001 |
|   io_dec0                                    |    <0.001 |
|   minimips32                                 |     0.011 |
|     cp0_reg0                                 |    <0.001 |
|     exe_stage0                               |     0.003 |
|     exemem_reg0                              |    <0.001 |
|     hilo0                                    |    <0.001 |
|     id_stage0                                |     0.002 |
|     idexe_reg0                               |    <0.001 |
|     if_stage0                                |    <0.001 |
|     ifid_reg0                                |    <0.001 |
|     mem_stage0                               |    <0.001 |
|     memwb_reg0                               |    <0.001 |
|     regfile0                                 |     0.003 |
|     scu0                                     |    <0.001 |
|     wb_stage0                                |    <0.001 |
+----------------------------------------------+-----------+


