Copyright 1986-2017 Xilinx, Inc. All Rights Reserved.
-------------------------------------------------------------------------------------------------------------------------------------------------------
| Tool Version : Vivado v.2017.3 (win64) Build 2018833 Wed Oct  4 19:58:22 MDT 2017
| Date         : Wed Dec 30 17:28:31 2020
| Host         : DESKTOP-LGQGIHC running 64-bit major release  (build 9200)
| Command      : report_timing_summary -file MiniMIPS32_SYS_timing_summary_routed.rpt -warn_on_violation -rpx MiniMIPS32_SYS_timing_summary_routed.rpx
| Design       : MiniMIPS32_SYS
| Device       : 7a100t-csg324
| Speed File   : -1  PRODUCTION 1.19 2017-08-11
-------------------------------------------------------------------------------------------------------------------------------------------------------

Timing Summary Report

------------------------------------------------------------------------------------------------
| Timer Settings
| --------------
------------------------------------------------------------------------------------------------

  Enable Multi Corner Analysis               :  Yes
  Enable Pessimism Removal                   :  Yes
  Pessimism Removal Resolution               :  Nearest Common Node
  Enable Input Delay Default Clock           :  No
  Enable Preset / Clear Arcs                 :  No
  Disable Flight Delays                      :  No
  Ignore I/O Paths                           :  No
  Timing Early Launch at Borrowing Latches   :  false

  Corner  Analyze    Analyze    
  Name    Max Paths  Min Paths  
  ------  ---------  ---------  
  Slow    Yes        Yes        
  Fast    Yes        Yes        



check_timing report

Table of Contents
-----------------
1. checking no_clock
2. checking constant_clock
3. checking pulse_width_clock
4. checking unconstrained_internal_endpoints
5. checking no_input_delay
6. checking no_output_delay
7. checking multiple_clock
8. checking generated_clocks
9. checking loops
10. checking partial_input_delay
11. checking partial_output_delay
12. checking latch_loops

1. checking no_clock
--------------------
 There are 0 register/latch pins with no clock.


2. checking constant_clock
--------------------------
 There are 0 register/latch pins with constant_clock.


3. checking pulse_width_clock
-----------------------------
 There are 0 register/latch pins which need pulse_width check


4. checking unconstrained_internal_endpoints
--------------------------------------------
 There are 0 pins that are not constrained for maximum delay.

 There are 0 pins that are not constrained for maximum delay due to constant clock.


5. checking no_input_delay
--------------------------
 There is 1 input port with no input delay specified. (HIGH)

 There are 0 input ports with no input delay but user has a false path constraint.


6. checking no_output_delay
---------------------------
 There are 37 ports with no output delay specified. (HIGH)

 There are 0 ports with no output delay but user has a false path constraint

 There are 0 ports with no output delay but with a timing clock defined on it or propagating through it


7. checking multiple_clock
--------------------------
 There are 2202 register/latch pins with multiple clocks. (HIGH)


8. checking generated_clocks
----------------------------
 There are 0 generated clocks that are not connected to a clock source.


9. checking loops
-----------------
 There are 0 combinational loops in the design.


10. checking partial_input_delay
--------------------------------
 There are 0 input ports with partial input delay specified.


11. checking partial_output_delay
---------------------------------
 There are 0 ports with partial output delay specified.


12. checking latch_loops
------------------------
 There are 0 combinational latch loops in the design through latch input



------------------------------------------------------------------------------------------------
| Design Timing Summary
| ---------------------
------------------------------------------------------------------------------------------------

    WNS(ns)      TNS(ns)  TNS Failing Endpoints  TNS Total Endpoints      WHS(ns)      THS(ns)  THS Failing Endpoints  THS Total Endpoints     WPWS(ns)     TPWS(ns)  TPWS Failing Endpoints  TPWS Total Endpoints  
    -------      -------  ---------------------  -------------------      -------      -------  ---------------------  -------------------     --------     --------  ----------------------  --------------------  
      0.427        0.000                      0                 4994        0.058        0.000                      0                 4994        3.000        0.000                       0                  2208  


All user specified timing constraints are met.


------------------------------------------------------------------------------------------------
| Clock Summary
| -------------
------------------------------------------------------------------------------------------------

Clock                   Waveform(ns)       Period(ns)      Frequency(MHz)
-----                   ------------       ----------      --------------
sys_clk_100M            {0.000 5.000}      10.000          100.000         
  clk_out1_clk_wiz_0    {0.000 10.000}     20.000          50.000          
  clkfbout_clk_wiz_0    {0.000 10.000}     20.000          50.000          
sys_clk_pin             {0.000 5.000}      10.000          100.000         
  clk_out1_clk_wiz_0_1  {0.000 10.000}     20.000          50.000          
  clkfbout_clk_wiz_0_1  {0.000 10.000}     20.000          50.000          


------------------------------------------------------------------------------------------------
| Intra Clock Table
| -----------------
------------------------------------------------------------------------------------------------

Clock                       WNS(ns)      TNS(ns)  TNS Failing Endpoints  TNS Total Endpoints      WHS(ns)      THS(ns)  THS Failing Endpoints  THS Total Endpoints     WPWS(ns)     TPWS(ns)  TPWS Failing Endpoints  TPWS Total Endpoints  
-----                       -------      -------  ---------------------  -------------------      -------      -------  ---------------------  -------------------     --------     --------  ----------------------  --------------------  
sys_clk_100M                                                                                                                                                              3.000        0.000                       0                     1  
  clk_out1_clk_wiz_0          0.427        0.000                      0                 4994        0.166        0.000                      0                 4994        9.500        0.000                       0                  2204  
  clkfbout_clk_wiz_0                                                                                                                                                     17.845        0.000                       0                     3  
sys_clk_pin                                                                                                                                                               3.000        0.000                       0                     1  
  clk_out1_clk_wiz_0_1        0.432        0.000                      0                 4994        0.166        0.000                      0                 4994        9.500        0.000                       0                  2204  
  clkfbout_clk_wiz_0_1                                                                                                                                                   17.845        0.000                       0                     3  


------------------------------------------------------------------------------------------------
| Inter Clock Table
| -----------------
------------------------------------------------------------------------------------------------

From Clock            To Clock                  WNS(ns)      TNS(ns)  TNS Failing Endpoints  TNS Total Endpoints      WHS(ns)      THS(ns)  THS Failing Endpoints  THS Total Endpoints  
----------            --------                  -------      -------  ---------------------  -------------------      -------      -------  ---------------------  -------------------  
clk_out1_clk_wiz_0_1  clk_out1_clk_wiz_0          0.427        0.000                      0                 4994        0.058        0.000                      0                 4994  
clk_out1_clk_wiz_0    clk_out1_clk_wiz_0_1        0.427        0.000                      0                 4994        0.058        0.000                      0                 4994  


------------------------------------------------------------------------------------------------
| Other Path Groups Table
| -----------------------
------------------------------------------------------------------------------------------------

Path Group    From Clock    To Clock          WNS(ns)      TNS(ns)  TNS Failing Endpoints  TNS Total Endpoints      WHS(ns)      THS(ns)  THS Failing Endpoints  THS Total Endpoints  
----------    ----------    --------          -------      -------  ---------------------  -------------------      -------      -------  ---------------------  -------------------  


------------------------------------------------------------------------------------------------
| Timing Details
| --------------
------------------------------------------------------------------------------------------------


---------------------------------------------------------------------------------------------------
From Clock:  sys_clk_100M
  To Clock:  sys_clk_100M

Setup :           NA  Failing Endpoints,  Worst Slack           NA  ,  Total Violation           NA
Hold  :           NA  Failing Endpoints,  Worst Slack           NA  ,  Total Violation           NA
PW    :            0  Failing Endpoints,  Worst Slack        3.000ns,  Total Violation        0.000ns
---------------------------------------------------------------------------------------------------


Pulse Width Checks
--------------------------------------------------------------------------------------
Clock Name:         sys_clk_100M
Waveform(ns):       { 0.000 5.000 }
Period(ns):         10.000
Sources:            { sys_clk_100M }

Check Type        Corner  Lib Pin           Reference Pin  Required(ns)  Actual(ns)  Slack(ns)  Location        Pin
Min Period        n/a     PLLE2_ADV/CLKIN1  n/a            1.249         10.000      8.751      PLLE2_ADV_X1Y2  clocking/inst/plle2_adv_inst/CLKIN1
Max Period        n/a     PLLE2_ADV/CLKIN1  n/a            52.633        10.000      42.633     PLLE2_ADV_X1Y2  clocking/inst/plle2_adv_inst/CLKIN1
Low Pulse Width   Fast    PLLE2_ADV/CLKIN1  n/a            2.000         5.000       3.000      PLLE2_ADV_X1Y2  clocking/inst/plle2_adv_inst/CLKIN1
High Pulse Width  Fast    PLLE2_ADV/CLKIN1  n/a            2.000         5.000       3.000      PLLE2_ADV_X1Y2  clocking/inst/plle2_adv_inst/CLKIN1



---------------------------------------------------------------------------------------------------
From Clock:  clk_out1_clk_wiz_0
  To Clock:  clk_out1_clk_wiz_0

Setup :            0  Failing Endpoints,  Worst Slack        0.427ns,  Total Violation        0.000ns
Hold  :            0  Failing Endpoints,  Worst Slack        0.166ns,  Total Violation        0.000ns
PW    :            0  Failing Endpoints,  Worst Slack        9.500ns,  Total Violation        0.000ns
---------------------------------------------------------------------------------------------------


Max Delay Paths
--------------------------------------------------------------------------------------
Slack (MET) :             0.427ns  (required time - arrival time)
  Source:                 inst_rom0/U0/inst_blk_mem_gen/gnbram.gnativebmg.native_blk_mem_gen/valid.cstr/ramloop[22].ram.r/prim_init.ram/DEVICE_7SERIES.NO_BMM_INFO.SP.SIMPLE_PRIM36.ram/CLKARDCLK
                            (rising edge-triggered cell RAMB36E1 clocked by clk_out1_clk_wiz_0  {rise@0.000ns fall@10.000ns period=20.000ns})
  Destination:            minimips32/if_stage0/pc_reg[2]/D
                            (rising edge-triggered cell FDRE clocked by clk_out1_clk_wiz_0  {rise@0.000ns fall@10.000ns period=20.000ns})
  Path Group:             clk_out1_clk_wiz_0
  Path Type:              Setup (Max at Slow Process Corner)
  Requirement:            20.000ns  (clk_out1_clk_wiz_0 rise@20.000ns - clk_out1_clk_wiz_0 rise@0.000ns)
  Data Path Delay:        19.467ns  (logic 6.402ns (32.887%)  route 13.065ns (67.113%))
  Logic Levels:           22  (CARRY4=4 LUT2=3 LUT3=4 LUT4=2 LUT5=1 LUT6=7 MUXF7=1)
  Clock Path Skew:        -0.074ns (DCD - SCD + CPR)
    Destination Clock Delay (DCD):    -1.862ns = ( 18.138 - 20.000 ) 
    Source Clock Delay      (SCD):    -2.289ns
    Clock Pessimism Removal (CPR):    -0.502ns
  Clock Uncertainty:      0.108ns  ((TSJ^2 + DJ^2)^1/2) / 2 + PE
    Total System Jitter     (TSJ):    0.071ns
    Discrete Jitter          (DJ):    0.203ns
    Phase Error              (PE):    0.000ns

    Location             Delay type                Incr(ns)  Path(ns)    Netlist Resource(s)
  -------------------------------------------------------------------    -------------------
                         (clock clk_out1_clk_wiz_0 rise edge)
                                                      0.000     0.000 r  
    E3                                                0.000     0.000 r  sys_clk_100M (IN)
                         net (fo=0)                   0.000     0.000    clocking/inst/clk_in1
    E3                   IBUF (Prop_ibuf_I_O)         1.482     1.482 r  clocking/inst/clkin1_ibufg/O
                         net (fo=1, routed)           1.253     2.735    clocking/inst/clk_in1_clk_wiz_0
    PLLE2_ADV_X1Y2       PLLE2_ADV (Prop_plle2_adv_CLKIN1_CLKOUT0)
                                                     -8.591    -5.856 r  clocking/inst/plle2_adv_inst/CLKOUT0
                         net (fo=1, routed)           1.713    -4.143    clocking/inst/clk_out1_clk_wiz_0
    BUFGCTRL_X0Y16       BUFG (Prop_bufg_I_O)         0.096    -4.047 r  clocking/inst/clkout1_buf/O
                         net (fo=2202, routed)        1.758    -2.289    inst_rom0/U0/inst_blk_mem_gen/gnbram.gnativebmg.native_blk_mem_gen/valid.cstr/ramloop[22].ram.r/prim_init.ram/clka
    RAMB36_X2Y10         RAMB36E1                                     r  inst_rom0/U0/inst_blk_mem_gen/gnbram.gnativebmg.native_blk_mem_gen/valid.cstr/ramloop[22].ram.r/prim_init.ram/DEVICE_7SERIES.NO_BMM_INFO.SP.SIMPLE_PRIM36.ram/CLKARDCLK
  -------------------------------------------------------------------    -------------------
    RAMB36_X2Y10         RAMB36E1 (Prop_ramb36e1_CLKARDCLK_DOADO[5])
                                                      2.454     0.165 f  inst_rom0/U0/inst_blk_mem_gen/gnbram.gnativebmg.native_blk_mem_gen/valid.cstr/ramloop[22].ram.r/prim_init.ram/DEVICE_7SERIES.NO_BMM_INFO.SP.SIMPLE_PRIM36.ram/DOADO[5]
                         net (fo=1, routed)           1.879     2.043    inst_rom0/U0/inst_blk_mem_gen/gnbram.gnativebmg.native_blk_mem_gen/valid.cstr/has_mux_a.A/DEVICE_7SERIES.NO_BMM_INFO.SP.SIMPLE_PRIM36.ram_31[5]
    SLICE_X48Y44         LUT6 (Prop_lut6_I3_O)        0.124     2.167 f  inst_rom0/U0/inst_blk_mem_gen/gnbram.gnativebmg.native_blk_mem_gen/valid.cstr/has_mux_a.A/douta[28]_INST_0_i_1/O
                         net (fo=1, routed)           0.000     2.167    inst_rom0/U0/inst_blk_mem_gen/gnbram.gnativebmg.native_blk_mem_gen/valid.cstr/has_mux_a.A/douta[28]_INST_0_i_1_n_0
    SLICE_X48Y44         MUXF7 (Prop_muxf7_I0_O)      0.212     2.379 f  inst_rom0/U0/inst_blk_mem_gen/gnbram.gnativebmg.native_blk_mem_gen/valid.cstr/has_mux_a.A/douta[28]_INST_0/O
                         net (fo=1, routed)           0.441     2.820    dev_if0/inst_dout[28]
    SLICE_X48Y44         LUT2 (Prop_lut2_I1_O)        0.328     3.148 f  dev_if0/inst[28]_INST_0/O
                         net (fo=31, routed)          1.235     4.383    minimips32/id_stage0/id_inst_i[28]
    SLICE_X52Y37         LUT3 (Prop_lut3_I0_O)        0.357     4.740 r  minimips32/id_stage0/id_aluop_o[0]_INST_0_i_8/O
                         net (fo=6, routed)           0.882     5.621    minimips32/id_stage0/id_aluop_o[0]_INST_0_i_8_n_0
    SLICE_X53Y36         LUT6 (Prop_lut6_I1_O)        0.327     5.948 r  minimips32/id_stage0/id_alutype_o[1]_INST_0_i_5/O
                         net (fo=4, routed)           0.412     6.361    minimips32/id_stage0/id_alutype_o[1]_INST_0_i_5_n_0
    SLICE_X53Y36         LUT4 (Prop_lut4_I0_O)        0.124     6.485 r  minimips32/id_stage0/id_aluop_o[4]_INST_0_i_6/O
                         net (fo=3, routed)           0.586     7.070    minimips32/id_stage0/inst_and
    SLICE_X52Y35         LUT3 (Prop_lut3_I1_O)        0.124     7.194 r  minimips32/id_stage0/rreg1_INST_0_i_1/O
                         net (fo=6, routed)           0.590     7.784    minimips32/id_stage0/rreg1_INST_0_i_1_n_0
    SLICE_X51Y34         LUT5 (Prop_lut5_I0_O)        0.124     7.908 r  minimips32/id_stage0/rreg1_INST_0/O
                         net (fo=33, routed)          0.503     8.412    minimips32/regfile0/re1
    SLICE_X48Y33         LUT2 (Prop_lut2_I1_O)        0.124     8.536 r  minimips32/regfile0/rd1[31]_INST_0_i_5/O
                         net (fo=1, routed)           0.451     8.987    minimips32/regfile0/rd1[31]_INST_0_i_5_n_0
    SLICE_X45Y31         LUT6 (Prop_lut6_I5_O)        0.124     9.111 r  minimips32/regfile0/rd1[31]_INST_0_i_2/O
                         net (fo=32, routed)          0.890    10.001    minimips32/regfile0/rd11
    SLICE_X39Y30         LUT6 (Prop_lut6_I3_O)        0.124    10.125 f  minimips32/regfile0/rd1[7]_INST_0/O
                         net (fo=1, routed)           0.595    10.721    minimips32/id_stage0/rd1[7]
    SLICE_X39Y30         LUT6 (Prop_lut6_I4_O)        0.124    10.845 f  minimips32/id_stage0/id_src1_o[7]_INST_0/O
                         net (fo=9, routed)           0.801    11.645    minimips32/id_stage0/id_src1_o[7]
    SLICE_X50Y30         LUT2 (Prop_lut2_I0_O)        0.124    11.769 r  minimips32/id_stage0/jtsel[1]_INST_0_i_176/O
                         net (fo=1, routed)           0.000    11.769    minimips32/id_stage0/jtsel[1]_INST_0_i_176_n_0
    SLICE_X50Y30         CARRY4 (Prop_carry4_S[3]_CO[3])
                                                      0.376    12.145 r  minimips32/id_stage0/jtsel[1]_INST_0_i_130/CO[3]
                         net (fo=1, routed)           0.000    12.145    minimips32/id_stage0/jtsel[1]_INST_0_i_130_n_0
    SLICE_X50Y31         CARRY4 (Prop_carry4_CI_CO[3])
                                                      0.117    12.262 r  minimips32/id_stage0/jtsel[1]_INST_0_i_70/CO[3]
                         net (fo=1, routed)           0.000    12.262    minimips32/id_stage0/jtsel[1]_INST_0_i_70_n_0
    SLICE_X50Y32         CARRY4 (Prop_carry4_CI_CO[3])
                                                      0.117    12.379 r  minimips32/id_stage0/jtsel[1]_INST_0_i_31/CO[3]
                         net (fo=1, routed)           0.000    12.379    minimips32/id_stage0/jtsel[1]_INST_0_i_31_n_0
    SLICE_X50Y33         CARRY4 (Prop_carry4_CI_CO[3])
                                                      0.117    12.496 r  minimips32/id_stage0/jtsel[1]_INST_0_i_12/CO[3]
                         net (fo=1, routed)           1.011    13.508    minimips32/id_stage0/data4
    SLICE_X52Y35         LUT4 (Prop_lut4_I0_O)        0.124    13.632 r  minimips32/id_stage0/jtsel[1]_INST_0_i_5/O
                         net (fo=2, routed)           0.818    14.450    minimips32/id_stage0/jtsel[1]_INST_0_i_5_n_0
    SLICE_X39Y35         LUT6 (Prop_lut6_I4_O)        0.124    14.574 r  minimips32/id_stage0/jtsel[1]_INST_0/O
                         net (fo=62, routed)          0.780    15.353    minimips32/if_stage0/jtsel[1]
    SLICE_X40Y35         LUT3 (Prop_lut3_I1_O)        0.153    15.506 r  minimips32/if_stage0/pc[2]_i_3/O
                         net (fo=1, routed)           0.424    15.931    minimips32/if_stage0/pc[2]_i_3_n_0
    SLICE_X40Y34         LUT6 (Prop_lut6_I0_O)        0.327    16.258 r  minimips32/if_stage0/pc[2]_i_2/O
                         net (fo=1, routed)           0.767    17.024    minimips32/if_stage0/p_0_in[2]
    SLICE_X40Y34         LUT3 (Prop_lut3_I2_O)        0.153    17.177 r  minimips32/if_stage0/pc[2]_i_1/O
                         net (fo=1, routed)           0.000    17.177    minimips32/if_stage0/p_2_in[2]
    SLICE_X40Y34         FDRE                                         r  minimips32/if_stage0/pc_reg[2]/D
  -------------------------------------------------------------------    -------------------

                         (clock clk_out1_clk_wiz_0 rise edge)
                                                     20.000    20.000 r  
    E3                                                0.000    20.000 r  sys_clk_100M (IN)
                         net (fo=0)                   0.000    20.000    clocking/inst/clk_in1
    E3                   IBUF (Prop_ibuf_I_O)         1.411    21.411 r  clocking/inst/clkin1_ibufg/O
                         net (fo=1, routed)           1.181    22.592    clocking/inst/clk_in1_clk_wiz_0
    PLLE2_ADV_X1Y2       PLLE2_ADV (Prop_plle2_adv_CLKIN1_CLKOUT0)
                                                     -7.856    14.736 r  clocking/inst/plle2_adv_inst/CLKOUT0
                         net (fo=1, routed)           1.634    16.370    clocking/inst/clk_out1_clk_wiz_0
    BUFGCTRL_X0Y16       BUFG (Prop_bufg_I_O)         0.091    16.461 r  clocking/inst/clkout1_buf/O
                         net (fo=2202, routed)        1.677    18.138    minimips32/if_stage0/cpu_clk_50M
    SLICE_X40Y34         FDRE                                         r  minimips32/if_stage0/pc_reg[2]/C
                         clock pessimism             -0.502    17.637    
                         clock uncertainty           -0.108    17.529    
    SLICE_X40Y34         FDRE (Setup_fdre_C_D)        0.075    17.604    minimips32/if_stage0/pc_reg[2]
  -------------------------------------------------------------------
                         required time                         17.604    
                         arrival time                         -17.177    
  -------------------------------------------------------------------
                         slack                                  0.427    





Min Delay Paths
--------------------------------------------------------------------------------------
Slack (MET) :             0.166ns  (arrival time - required time)
  Source:                 minimips32/idexe_reg0/exe_pc_reg[1]/C
                            (rising edge-triggered cell FDRE clocked by clk_out1_clk_wiz_0  {rise@0.000ns fall@10.000ns period=20.000ns})
  Destination:            minimips32/exemem_reg0/mem_pc_reg[1]/D
                            (rising edge-triggered cell FDRE clocked by clk_out1_clk_wiz_0  {rise@0.000ns fall@10.000ns period=20.000ns})
  Path Group:             clk_out1_clk_wiz_0
  Path Type:              Hold (Min at Fast Process Corner)
  Requirement:            0.000ns  (clk_out1_clk_wiz_0 rise@0.000ns - clk_out1_clk_wiz_0 rise@0.000ns)
  Data Path Delay:        0.286ns  (logic 0.189ns (66.115%)  route 0.097ns (33.885%))
  Logic Levels:           1  (LUT2=1)
  Clock Path Skew:        0.013ns (DCD - SCD - CPR)
    Destination Clock Delay (DCD):    -0.252ns
    Source Clock Delay      (SCD):    -0.485ns
    Clock Pessimism Removal (CPR):    0.219ns

    Location             Delay type                Incr(ns)  Path(ns)    Netlist Resource(s)
  -------------------------------------------------------------------    -------------------
                         (clock clk_out1_clk_wiz_0 rise edge)
                                                      0.000     0.000 r  
    E3                                                0.000     0.000 r  sys_clk_100M (IN)
                         net (fo=0)                   0.000     0.000    clocking/inst/clk_in1
    E3                   IBUF (Prop_ibuf_I_O)         0.250     0.250 r  clocking/inst/clkin1_ibufg/O
                         net (fo=1, routed)           0.440     0.690    clocking/inst/clk_in1_clk_wiz_0
    PLLE2_ADV_X1Y2       PLLE2_ADV (Prop_plle2_adv_CLKIN1_CLKOUT0)
                                                     -2.342    -1.652 r  clocking/inst/plle2_adv_inst/CLKOUT0
                         net (fo=1, routed)           0.514    -1.138    clocking/inst/clk_out1_clk_wiz_0
    BUFGCTRL_X0Y16       BUFG (Prop_bufg_I_O)         0.026    -1.112 r  clocking/inst/clkout1_buf/O
                         net (fo=2202, routed)        0.627    -0.485    minimips32/idexe_reg0/cpu_clk_50M
    SLICE_X49Y33         FDRE                                         r  minimips32/idexe_reg0/exe_pc_reg[1]/C
  -------------------------------------------------------------------    -------------------
    SLICE_X49Y33         FDRE (Prop_fdre_C_Q)         0.141    -0.344 r  minimips32/idexe_reg0/exe_pc_reg[1]/Q
                         net (fo=2, routed)           0.097    -0.247    minimips32/exe_stage0/exe_pc_i[1]
    SLICE_X48Y33         LUT2 (Prop_lut2_I1_O)        0.048    -0.199 r  minimips32/exe_stage0/exe_pc_o[1]_INST_0/O
                         net (fo=1, routed)           0.000    -0.199    minimips32/exemem_reg0/exe_pc[1]
    SLICE_X48Y33         FDRE                                         r  minimips32/exemem_reg0/mem_pc_reg[1]/D
  -------------------------------------------------------------------    -------------------

                         (clock clk_out1_clk_wiz_0 rise edge)
                                                      0.000     0.000 r  
    E3                                                0.000     0.000 r  sys_clk_100M (IN)
                         net (fo=0)                   0.000     0.000    clocking/inst/clk_in1
    E3                   IBUF (Prop_ibuf_I_O)         0.438     0.438 r  clocking/inst/clkin1_ibufg/O
                         net (fo=1, routed)           0.481     0.919    clocking/inst/clk_in1_clk_wiz_0
    PLLE2_ADV_X1Y2       PLLE2_ADV (Prop_plle2_adv_CLKIN1_CLKOUT0)
                                                     -2.659    -1.740 r  clocking/inst/plle2_adv_inst/CLKOUT0
                         net (fo=1, routed)           0.560    -1.181    clocking/inst/clk_out1_clk_wiz_0
    BUFGCTRL_X0Y16       BUFG (Prop_bufg_I_O)         0.029    -1.152 r  clocking/inst/clkout1_buf/O
                         net (fo=2202, routed)        0.900    -0.252    minimips32/exemem_reg0/cpu_clk_50M
    SLICE_X48Y33         FDRE                                         r  minimips32/exemem_reg0/mem_pc_reg[1]/C
                         clock pessimism             -0.219    -0.472    
    SLICE_X48Y33         FDRE (Hold_fdre_C_D)         0.107    -0.365    minimips32/exemem_reg0/mem_pc_reg[1]
  -------------------------------------------------------------------
                         required time                          0.365    
                         arrival time                          -0.199    
  -------------------------------------------------------------------
                         slack                                  0.166    





Pulse Width Checks
--------------------------------------------------------------------------------------
Clock Name:         clk_out1_clk_wiz_0
Waveform(ns):       { 0.000 10.000 }
Period(ns):         20.000
Sources:            { clocking/inst/plle2_adv_inst/CLKOUT0 }

Check Type        Corner  Lib Pin             Reference Pin  Required(ns)  Actual(ns)  Slack(ns)  Location        Pin
Min Period        n/a     RAMB36E1/CLKARDCLK  n/a            2.576         20.000      17.424     RAMB36_X0Y9     inst_rom0/U0/inst_blk_mem_gen/gnbram.gnativebmg.native_blk_mem_gen/valid.cstr/ramloop[25].ram.r/prim_init.ram/DEVICE_7SERIES.NO_BMM_INFO.SP.SIMPLE_PRIM36.ram/CLKARDCLK
Max Period        n/a     PLLE2_ADV/CLKOUT0   n/a            160.000       20.000      140.000    PLLE2_ADV_X1Y2  clocking/inst/plle2_adv_inst/CLKOUT0
Low Pulse Width   Fast    FDRE/C              n/a            0.500         10.000      9.500      SLICE_X35Y42    minimips32/exemem_reg0/mem_cp0_waddr_reg[0]/C
High Pulse Width  Slow    FDRE/C              n/a            0.500         10.000      9.500      SLICE_X35Y24    minimips32/hilo0/hi_o_reg[0]/C



---------------------------------------------------------------------------------------------------
From Clock:  clkfbout_clk_wiz_0
  To Clock:  clkfbout_clk_wiz_0

Setup :           NA  Failing Endpoints,  Worst Slack           NA  ,  Total Violation           NA
Hold  :           NA  Failing Endpoints,  Worst Slack           NA  ,  Total Violation           NA
PW    :            0  Failing Endpoints,  Worst Slack       17.845ns,  Total Violation        0.000ns
---------------------------------------------------------------------------------------------------


Pulse Width Checks
--------------------------------------------------------------------------------------
Clock Name:         clkfbout_clk_wiz_0
Waveform(ns):       { 0.000 10.000 }
Period(ns):         20.000
Sources:            { clocking/inst/plle2_adv_inst/CLKFBOUT }

Check Type  Corner  Lib Pin            Reference Pin  Required(ns)  Actual(ns)  Slack(ns)  Location        Pin
Min Period  n/a     BUFG/I             n/a            2.155         20.000      17.845     BUFGCTRL_X0Y17  clocking/inst/clkf_buf/I
Max Period  n/a     PLLE2_ADV/CLKFBIN  n/a            52.633        20.000      32.633     PLLE2_ADV_X1Y2  clocking/inst/plle2_adv_inst/CLKFBIN



---------------------------------------------------------------------------------------------------
From Clock:  sys_clk_pin
  To Clock:  sys_clk_pin

Setup :           NA  Failing Endpoints,  Worst Slack           NA  ,  Total Violation           NA
Hold  :           NA  Failing Endpoints,  Worst Slack           NA  ,  Total Violation           NA
PW    :            0  Failing Endpoints,  Worst Slack        3.000ns,  Total Violation        0.000ns
---------------------------------------------------------------------------------------------------


Pulse Width Checks
--------------------------------------------------------------------------------------
Clock Name:         sys_clk_pin
Waveform(ns):       { 0.000 5.000 }
Period(ns):         10.000
Sources:            { sys_clk_100M }

Check Type        Corner  Lib Pin           Reference Pin  Required(ns)  Actual(ns)  Slack(ns)  Location        Pin
Min Period        n/a     PLLE2_ADV/CLKIN1  n/a            1.249         10.000      8.751      PLLE2_ADV_X1Y2  clocking/inst/plle2_adv_inst/CLKIN1
Max Period        n/a     PLLE2_ADV/CLKIN1  n/a            52.633        10.000      42.633     PLLE2_ADV_X1Y2  clocking/inst/plle2_adv_inst/CLKIN1
Low Pulse Width   Fast    PLLE2_ADV/CLKIN1  n/a            2.000         5.000       3.000      PLLE2_ADV_X1Y2  clocking/inst/plle2_adv_inst/CLKIN1
High Pulse Width  Fast    PLLE2_ADV/CLKIN1  n/a            2.000         5.000       3.000      PLLE2_ADV_X1Y2  clocking/inst/plle2_adv_inst/CLKIN1



---------------------------------------------------------------------------------------------------
From Clock:  clk_out1_clk_wiz_0_1
  To Clock:  clk_out1_clk_wiz_0_1

Setup :            0  Failing Endpoints,  Worst Slack        0.432ns,  Total Violation        0.000ns
Hold  :            0  Failing Endpoints,  Worst Slack        0.166ns,  Total Violation        0.000ns
PW    :            0  Failing Endpoints,  Worst Slack        9.500ns,  Total Violation        0.000ns
---------------------------------------------------------------------------------------------------


Max Delay Paths
--------------------------------------------------------------------------------------
Slack (MET) :             0.432ns  (required time - arrival time)
  Source:                 inst_rom0/U0/inst_blk_mem_gen/gnbram.gnativebmg.native_blk_mem_gen/valid.cstr/ramloop[22].ram.r/prim_init.ram/DEVICE_7SERIES.NO_BMM_INFO.SP.SIMPLE_PRIM36.ram/CLKARDCLK
                            (rising edge-triggered cell RAMB36E1 clocked by clk_out1_clk_wiz_0_1  {rise@0.000ns fall@10.000ns period=20.000ns})
  Destination:            minimips32/if_stage0/pc_reg[2]/D
                            (rising edge-triggered cell FDRE clocked by clk_out1_clk_wiz_0_1  {rise@0.000ns fall@10.000ns period=20.000ns})
  Path Group:             clk_out1_clk_wiz_0_1
  Path Type:              Setup (Max at Slow Process Corner)
  Requirement:            20.000ns  (clk_out1_clk_wiz_0_1 rise@20.000ns - clk_out1_clk_wiz_0_1 rise@0.000ns)
  Data Path Delay:        19.467ns  (logic 6.402ns (32.887%)  route 13.065ns (67.113%))
  Logic Levels:           22  (CARRY4=4 LUT2=3 LUT3=4 LUT4=2 LUT5=1 LUT6=7 MUXF7=1)
  Clock Path Skew:        -0.074ns (DCD - SCD + CPR)
    Destination Clock Delay (DCD):    -1.862ns = ( 18.138 - 20.000 ) 
    Source Clock Delay      (SCD):    -2.289ns
    Clock Pessimism Removal (CPR):    -0.502ns
  Clock Uncertainty:      0.103ns  ((TSJ^2 + DJ^2)^1/2) / 2 + PE
    Total System Jitter     (TSJ):    0.071ns
    Discrete Jitter          (DJ):    0.193ns
    Phase Error              (PE):    0.000ns

    Location             Delay type                Incr(ns)  Path(ns)    Netlist Resource(s)
  -------------------------------------------------------------------    -------------------
                         (clock clk_out1_clk_wiz_0_1 rise edge)
                                                      0.000     0.000 r  
    E3                                                0.000     0.000 r  sys_clk_100M (IN)
                         net (fo=0)                   0.000     0.000    clocking/inst/clk_in1
    E3                   IBUF (Prop_ibuf_I_O)         1.482     1.482 r  clocking/inst/clkin1_ibufg/O
                         net (fo=1, routed)           1.253     2.735    clocking/inst/clk_in1_clk_wiz_0
    PLLE2_ADV_X1Y2       PLLE2_ADV (Prop_plle2_adv_CLKIN1_CLKOUT0)
                                                     -8.591    -5.856 r  clocking/inst/plle2_adv_inst/CLKOUT0
                         net (fo=1, routed)           1.713    -4.143    clocking/inst/clk_out1_clk_wiz_0
    BUFGCTRL_X0Y16       BUFG (Prop_bufg_I_O)         0.096    -4.047 r  clocking/inst/clkout1_buf/O
                         net (fo=2202, routed)        1.758    -2.289    inst_rom0/U0/inst_blk_mem_gen/gnbram.gnativebmg.native_blk_mem_gen/valid.cstr/ramloop[22].ram.r/prim_init.ram/clka
    RAMB36_X2Y10         RAMB36E1                                     r  inst_rom0/U0/inst_blk_mem_gen/gnbram.gnativebmg.native_blk_mem_gen/valid.cstr/ramloop[22].ram.r/prim_init.ram/DEVICE_7SERIES.NO_BMM_INFO.SP.SIMPLE_PRIM36.ram/CLKARDCLK
  -------------------------------------------------------------------    -------------------
    RAMB36_X2Y10         RAMB36E1 (Prop_ramb36e1_CLKARDCLK_DOADO[5])
                                                      2.454     0.165 f  inst_rom0/U0/inst_blk_mem_gen/gnbram.gnativebmg.native_blk_mem_gen/valid.cstr/ramloop[22].ram.r/prim_init.ram/DEVICE_7SERIES.NO_BMM_INFO.SP.SIMPLE_PRIM36.ram/DOADO[5]
                         net (fo=1, routed)           1.879     2.043    inst_rom0/U0/inst_blk_mem_gen/gnbram.gnativebmg.native_blk_mem_gen/valid.cstr/has_mux_a.A/DEVICE_7SERIES.NO_BMM_INFO.SP.SIMPLE_PRIM36.ram_31[5]
    SLICE_X48Y44         LUT6 (Prop_lut6_I3_O)        0.124     2.167 f  inst_rom0/U0/inst_blk_mem_gen/gnbram.gnativebmg.native_blk_mem_gen/valid.cstr/has_mux_a.A/douta[28]_INST_0_i_1/O
                         net (fo=1, routed)           0.000     2.167    inst_rom0/U0/inst_blk_mem_gen/gnbram.gnativebmg.native_blk_mem_gen/valid.cstr/has_mux_a.A/douta[28]_INST_0_i_1_n_0
    SLICE_X48Y44         MUXF7 (Prop_muxf7_I0_O)      0.212     2.379 f  inst_rom0/U0/inst_blk_mem_gen/gnbram.gnativebmg.native_blk_mem_gen/valid.cstr/has_mux_a.A/douta[28]_INST_0/O
                         net (fo=1, routed)           0.441     2.820    dev_if0/inst_dout[28]
    SLICE_X48Y44         LUT2 (Prop_lut2_I1_O)        0.328     3.148 f  dev_if0/inst[28]_INST_0/O
                         net (fo=31, routed)          1.235     4.383    minimips32/id_stage0/id_inst_i[28]
    SLICE_X52Y37         LUT3 (Prop_lut3_I0_O)        0.357     4.740 r  minimips32/id_stage0/id_aluop_o[0]_INST_0_i_8/O
                         net (fo=6, routed)           0.882     5.621    minimips32/id_stage0/id_aluop_o[0]_INST_0_i_8_n_0
    SLICE_X53Y36         LUT6 (Prop_lut6_I1_O)        0.327     5.948 r  minimips32/id_stage0/id_alutype_o[1]_INST_0_i_5/O
                         net (fo=4, routed)           0.412     6.361    minimips32/id_stage0/id_alutype_o[1]_INST_0_i_5_n_0
    SLICE_X53Y36         LUT4 (Prop_lut4_I0_O)        0.124     6.485 r  minimips32/id_stage0/id_aluop_o[4]_INST_0_i_6/O
                         net (fo=3, routed)           0.586     7.070    minimips32/id_stage0/inst_and
    SLICE_X52Y35         LUT3 (Prop_lut3_I1_O)        0.124     7.194 r  minimips32/id_stage0/rreg1_INST_0_i_1/O
                         net (fo=6, routed)           0.590     7.784    minimips32/id_stage0/rreg1_INST_0_i_1_n_0
    SLICE_X51Y34         LUT5 (Prop_lut5_I0_O)        0.124     7.908 r  minimips32/id_stage0/rreg1_INST_0/O
                         net (fo=33, routed)          0.503     8.412    minimips32/regfile0/re1
    SLICE_X48Y33         LUT2 (Prop_lut2_I1_O)        0.124     8.536 r  minimips32/regfile0/rd1[31]_INST_0_i_5/O
                         net (fo=1, routed)           0.451     8.987    minimips32/regfile0/rd1[31]_INST_0_i_5_n_0
    SLICE_X45Y31         LUT6 (Prop_lut6_I5_O)        0.124     9.111 r  minimips32/regfile0/rd1[31]_INST_0_i_2/O
                         net (fo=32, routed)          0.890    10.001    minimips32/regfile0/rd11
    SLICE_X39Y30         LUT6 (Prop_lut6_I3_O)        0.124    10.125 f  minimips32/regfile0/rd1[7]_INST_0/O
                         net (fo=1, routed)           0.595    10.721    minimips32/id_stage0/rd1[7]
    SLICE_X39Y30         LUT6 (Prop_lut6_I4_O)        0.124    10.845 f  minimips32/id_stage0/id_src1_o[7]_INST_0/O
                         net (fo=9, routed)           0.801    11.645    minimips32/id_stage0/id_src1_o[7]
    SLICE_X50Y30         LUT2 (Prop_lut2_I0_O)        0.124    11.769 r  minimips32/id_stage0/jtsel[1]_INST_0_i_176/O
                         net (fo=1, routed)           0.000    11.769    minimips32/id_stage0/jtsel[1]_INST_0_i_176_n_0
    SLICE_X50Y30         CARRY4 (Prop_carry4_S[3]_CO[3])
                                                      0.376    12.145 r  minimips32/id_stage0/jtsel[1]_INST_0_i_130/CO[3]
                         net (fo=1, routed)           0.000    12.145    minimips32/id_stage0/jtsel[1]_INST_0_i_130_n_0
    SLICE_X50Y31         CARRY4 (Prop_carry4_CI_CO[3])
                                                      0.117    12.262 r  minimips32/id_stage0/jtsel[1]_INST_0_i_70/CO[3]
                         net (fo=1, routed)           0.000    12.262    minimips32/id_stage0/jtsel[1]_INST_0_i_70_n_0
    SLICE_X50Y32         CARRY4 (Prop_carry4_CI_CO[3])
                                                      0.117    12.379 r  minimips32/id_stage0/jtsel[1]_INST_0_i_31/CO[3]
                         net (fo=1, routed)           0.000    12.379    minimips32/id_stage0/jtsel[1]_INST_0_i_31_n_0
    SLICE_X50Y33         CARRY4 (Prop_carry4_CI_CO[3])
                                                      0.117    12.496 r  minimips32/id_stage0/jtsel[1]_INST_0_i_12/CO[3]
                         net (fo=1, routed)           1.011    13.508    minimips32/id_stage0/data4
    SLICE_X52Y35         LUT4 (Prop_lut4_I0_O)        0.124    13.632 r  minimips32/id_stage0/jtsel[1]_INST_0_i_5/O
                         net (fo=2, routed)           0.818    14.450    minimips32/id_stage0/jtsel[1]_INST_0_i_5_n_0
    SLICE_X39Y35         LUT6 (Prop_lut6_I4_O)        0.124    14.574 r  minimips32/id_stage0/jtsel[1]_INST_0/O
                         net (fo=62, routed)          0.780    15.353    minimips32/if_stage0/jtsel[1]
    SLICE_X40Y35         LUT3 (Prop_lut3_I1_O)        0.153    15.506 r  minimips32/if_stage0/pc[2]_i_3/O
                         net (fo=1, routed)           0.424    15.931    minimips32/if_stage0/pc[2]_i_3_n_0
    SLICE_X40Y34         LUT6 (Prop_lut6_I0_O)        0.327    16.258 r  minimips32/if_stage0/pc[2]_i_2/O
                         net (fo=1, routed)           0.767    17.024    minimips32/if_stage0/p_0_in[2]
    SLICE_X40Y34         LUT3 (Prop_lut3_I2_O)        0.153    17.177 r  minimips32/if_stage0/pc[2]_i_1/O
                         net (fo=1, routed)           0.000    17.177    minimips32/if_stage0/p_2_in[2]
    SLICE_X40Y34         FDRE                                         r  minimips32/if_stage0/pc_reg[2]/D
  -------------------------------------------------------------------    -------------------

                         (clock clk_out1_clk_wiz_0_1 rise edge)
                                                     20.000    20.000 r  
    E3                                                0.000    20.000 r  sys_clk_100M (IN)
                         net (fo=0)                   0.000    20.000    clocking/inst/clk_in1
    E3                   IBUF (Prop_ibuf_I_O)         1.411    21.411 r  clocking/inst/clkin1_ibufg/O
                         net (fo=1, routed)           1.181    22.592    clocking/inst/clk_in1_clk_wiz_0
    PLLE2_ADV_X1Y2       PLLE2_ADV (Prop_plle2_adv_CLKIN1_CLKOUT0)
                                                     -7.856    14.736 r  clocking/inst/plle2_adv_inst/CLKOUT0
                         net (fo=1, routed)           1.634    16.370    clocking/inst/clk_out1_clk_wiz_0
    BUFGCTRL_X0Y16       BUFG (Prop_bufg_I_O)         0.091    16.461 r  clocking/inst/clkout1_buf/O
                         net (fo=2202, routed)        1.677    18.138    minimips32/if_stage0/cpu_clk_50M
    SLICE_X40Y34         FDRE                                         r  minimips32/if_stage0/pc_reg[2]/C
                         clock pessimism             -0.502    17.637    
                         clock uncertainty           -0.103    17.534    
    SLICE_X40Y34         FDRE (Setup_fdre_C_D)        0.075    17.609    minimips32/if_stage0/pc_reg[2]
  -------------------------------------------------------------------
                         required time                         17.609    
                         arrival time                         -17.177    
  -------------------------------------------------------------------
                         slack                                  0.432    





Min Delay Paths
--------------------------------------------------------------------------------------
Slack (MET) :             0.166ns  (arrival time - required time)
  Source:                 minimips32/idexe_reg0/exe_pc_reg[1]/C
                            (rising edge-triggered cell FDRE clocked by clk_out1_clk_wiz_0_1  {rise@0.000ns fall@10.000ns period=20.000ns})
  Destination:            minimips32/exemem_reg0/mem_pc_reg[1]/D
                            (rising edge-triggered cell FDRE clocked by clk_out1_clk_wiz_0_1  {rise@0.000ns fall@10.000ns period=20.000ns})
  Path Group:             clk_out1_clk_wiz_0_1
  Path Type:              Hold (Min at Fast Process Corner)
  Requirement:            0.000ns  (clk_out1_clk_wiz_0_1 rise@0.000ns - clk_out1_clk_wiz_0_1 rise@0.000ns)
  Data Path Delay:        0.286ns  (logic 0.189ns (66.115%)  route 0.097ns (33.885%))
  Logic Levels:           1  (LUT2=1)
  Clock Path Skew:        0.013ns (DCD - SCD - CPR)
    Destination Clock Delay (DCD):    -0.252ns
    Source Clock Delay      (SCD):    -0.485ns
    Clock Pessimism Removal (CPR):    0.219ns

    Location             Delay type                Incr(ns)  Path(ns)    Netlist Resource(s)
  -------------------------------------------------------------------    -------------------
                         (clock clk_out1_clk_wiz_0_1 rise edge)
                                                      0.000     0.000 r  
    E3                                                0.000     0.000 r  sys_clk_100M (IN)
                         net (fo=0)                   0.000     0.000    clocking/inst/clk_in1
    E3                   IBUF (Prop_ibuf_I_O)         0.250     0.250 r  clocking/inst/clkin1_ibufg/O
                         net (fo=1, routed)           0.440     0.690    clocking/inst/clk_in1_clk_wiz_0
    PLLE2_ADV_X1Y2       PLLE2_ADV (Prop_plle2_adv_CLKIN1_CLKOUT0)
                                                     -2.342    -1.652 r  clocking/inst/plle2_adv_inst/CLKOUT0
                         net (fo=1, routed)           0.514    -1.138    clocking/inst/clk_out1_clk_wiz_0
    BUFGCTRL_X0Y16       BUFG (Prop_bufg_I_O)         0.026    -1.112 r  clocking/inst/clkout1_buf/O
                         net (fo=2202, routed)        0.627    -0.485    minimips32/idexe_reg0/cpu_clk_50M
    SLICE_X49Y33         FDRE                                         r  minimips32/idexe_reg0/exe_pc_reg[1]/C
  -------------------------------------------------------------------    -------------------
    SLICE_X49Y33         FDRE (Prop_fdre_C_Q)         0.141    -0.344 r  minimips32/idexe_reg0/exe_pc_reg[1]/Q
                         net (fo=2, routed)           0.097    -0.247    minimips32/exe_stage0/exe_pc_i[1]
    SLICE_X48Y33         LUT2 (Prop_lut2_I1_O)        0.048    -0.199 r  minimips32/exe_stage0/exe_pc_o[1]_INST_0/O
                         net (fo=1, routed)           0.000    -0.199    minimips32/exemem_reg0/exe_pc[1]
    SLICE_X48Y33         FDRE                                         r  minimips32/exemem_reg0/mem_pc_reg[1]/D
  -------------------------------------------------------------------    -------------------

                         (clock clk_out1_clk_wiz_0_1 rise edge)
                                                      0.000     0.000 r  
    E3                                                0.000     0.000 r  sys_clk_100M (IN)
                         net (fo=0)                   0.000     0.000    clocking/inst/clk_in1
    E3                   IBUF (Prop_ibuf_I_O)         0.438     0.438 r  clocking/inst/clkin1_ibufg/O
                         net (fo=1, routed)           0.481     0.919    clocking/inst/clk_in1_clk_wiz_0
    PLLE2_ADV_X1Y2       PLLE2_ADV (Prop_plle2_adv_CLKIN1_CLKOUT0)
                                                     -2.659    -1.740 r  clocking/inst/plle2_adv_inst/CLKOUT0
                         net (fo=1, routed)           0.560    -1.181    clocking/inst/clk_out1_clk_wiz_0
    BUFGCTRL_X0Y16       BUFG (Prop_bufg_I_O)         0.029    -1.152 r  clocking/inst/clkout1_buf/O
                         net (fo=2202, routed)        0.900    -0.252    minimips32/exemem_reg0/cpu_clk_50M
    SLICE_X48Y33         FDRE                                         r  minimips32/exemem_reg0/mem_pc_reg[1]/C
                         clock pessimism             -0.219    -0.472    
    SLICE_X48Y33         FDRE (Hold_fdre_C_D)         0.107    -0.365    minimips32/exemem_reg0/mem_pc_reg[1]
  -------------------------------------------------------------------
                         required time                          0.365    
                         arrival time                          -0.199    
  -------------------------------------------------------------------
                         slack                                  0.166    





Pulse Width Checks
--------------------------------------------------------------------------------------
Clock Name:         clk_out1_clk_wiz_0_1
Waveform(ns):       { 0.000 10.000 }
Period(ns):         20.000
Sources:            { clocking/inst/plle2_adv_inst/CLKOUT0 }

Check Type        Corner  Lib Pin             Reference Pin  Required(ns)  Actual(ns)  Slack(ns)  Location        Pin
Min Period        n/a     RAMB36E1/CLKARDCLK  n/a            2.576         20.000      17.424     RAMB36_X0Y9     inst_rom0/U0/inst_blk_mem_gen/gnbram.gnativebmg.native_blk_mem_gen/valid.cstr/ramloop[25].ram.r/prim_init.ram/DEVICE_7SERIES.NO_BMM_INFO.SP.SIMPLE_PRIM36.ram/CLKARDCLK
Max Period        n/a     PLLE2_ADV/CLKOUT0   n/a            160.000       20.000      140.000    PLLE2_ADV_X1Y2  clocking/inst/plle2_adv_inst/CLKOUT0
Low Pulse Width   Fast    FDRE/C              n/a            0.500         10.000      9.500      SLICE_X35Y42    minimips32/exemem_reg0/mem_cp0_waddr_reg[0]/C
High Pulse Width  Slow    FDRE/C              n/a            0.500         10.000      9.500      SLICE_X35Y24    minimips32/hilo0/hi_o_reg[0]/C



---------------------------------------------------------------------------------------------------
From Clock:  clkfbout_clk_wiz_0_1
  To Clock:  clkfbout_clk_wiz_0_1

Setup :           NA  Failing Endpoints,  Worst Slack           NA  ,  Total Violation           NA
Hold  :           NA  Failing Endpoints,  Worst Slack           NA  ,  Total Violation           NA
PW    :            0  Failing Endpoints,  Worst Slack       17.845ns,  Total Violation        0.000ns
---------------------------------------------------------------------------------------------------


Pulse Width Checks
--------------------------------------------------------------------------------------
Clock Name:         clkfbout_clk_wiz_0_1
Waveform(ns):       { 0.000 10.000 }
Period(ns):         20.000
Sources:            { clocking/inst/plle2_adv_inst/CLKFBOUT }

Check Type  Corner  Lib Pin            Reference Pin  Required(ns)  Actual(ns)  Slack(ns)  Location        Pin
Min Period  n/a     BUFG/I             n/a            2.155         20.000      17.845     BUFGCTRL_X0Y17  clocking/inst/clkf_buf/I
Max Period  n/a     PLLE2_ADV/CLKFBIN  n/a            52.633        20.000      32.633     PLLE2_ADV_X1Y2  clocking/inst/plle2_adv_inst/CLKFBIN



---------------------------------------------------------------------------------------------------
From Clock:  clk_out1_clk_wiz_0_1
  To Clock:  clk_out1_clk_wiz_0

Setup :            0  Failing Endpoints,  Worst Slack        0.427ns,  Total Violation        0.000ns
Hold  :            0  Failing Endpoints,  Worst Slack        0.058ns,  Total Violation        0.000ns
---------------------------------------------------------------------------------------------------


Max Delay Paths
--------------------------------------------------------------------------------------
Slack (MET) :             0.427ns  (required time - arrival time)
  Source:                 inst_rom0/U0/inst_blk_mem_gen/gnbram.gnativebmg.native_blk_mem_gen/valid.cstr/ramloop[22].ram.r/prim_init.ram/DEVICE_7SERIES.NO_BMM_INFO.SP.SIMPLE_PRIM36.ram/CLKARDCLK
                            (rising edge-triggered cell RAMB36E1 clocked by clk_out1_clk_wiz_0_1  {rise@0.000ns fall@10.000ns period=20.000ns})
  Destination:            minimips32/if_stage0/pc_reg[2]/D
                            (rising edge-triggered cell FDRE clocked by clk_out1_clk_wiz_0  {rise@0.000ns fall@10.000ns period=20.000ns})
  Path Group:             clk_out1_clk_wiz_0
  Path Type:              Setup (Max at Slow Process Corner)
  Requirement:            20.000ns  (clk_out1_clk_wiz_0 rise@20.000ns - clk_out1_clk_wiz_0_1 rise@0.000ns)
  Data Path Delay:        19.467ns  (logic 6.402ns (32.887%)  route 13.065ns (67.113%))
  Logic Levels:           22  (CARRY4=4 LUT2=3 LUT3=4 LUT4=2 LUT5=1 LUT6=7 MUXF7=1)
  Clock Path Skew:        -0.074ns (DCD - SCD + CPR)
    Destination Clock Delay (DCD):    -1.862ns = ( 18.138 - 20.000 ) 
    Source Clock Delay      (SCD):    -2.289ns
    Clock Pessimism Removal (CPR):    -0.502ns
  Clock Uncertainty:      0.108ns  ((TSJ^2 + DJ^2)^1/2) / 2 + PE
    Total System Jitter     (TSJ):    0.071ns
    Discrete Jitter          (DJ):    0.203ns
    Phase Error              (PE):    0.000ns
  Clock Domain Crossing:  Inter clock paths are considered valid unless explicitly excluded by timing constraints such as set_clock_groups or set_false_path.

    Location             Delay type                Incr(ns)  Path(ns)    Netlist Resource(s)
  -------------------------------------------------------------------    -------------------
                         (clock clk_out1_clk_wiz_0_1 rise edge)
                                                      0.000     0.000 r  
    E3                                                0.000     0.000 r  sys_clk_100M (IN)
                         net (fo=0)                   0.000     0.000    clocking/inst/clk_in1
    E3                   IBUF (Prop_ibuf_I_O)         1.482     1.482 r  clocking/inst/clkin1_ibufg/O
                         net (fo=1, routed)           1.253     2.735    clocking/inst/clk_in1_clk_wiz_0
    PLLE2_ADV_X1Y2       PLLE2_ADV (Prop_plle2_adv_CLKIN1_CLKOUT0)
                                                     -8.591    -5.856 r  clocking/inst/plle2_adv_inst/CLKOUT0
                         net (fo=1, routed)           1.713    -4.143    clocking/inst/clk_out1_clk_wiz_0
    BUFGCTRL_X0Y16       BUFG (Prop_bufg_I_O)         0.096    -4.047 r  clocking/inst/clkout1_buf/O
                         net (fo=2202, routed)        1.758    -2.289    inst_rom0/U0/inst_blk_mem_gen/gnbram.gnativebmg.native_blk_mem_gen/valid.cstr/ramloop[22].ram.r/prim_init.ram/clka
    RAMB36_X2Y10         RAMB36E1                                     r  inst_rom0/U0/inst_blk_mem_gen/gnbram.gnativebmg.native_blk_mem_gen/valid.cstr/ramloop[22].ram.r/prim_init.ram/DEVICE_7SERIES.NO_BMM_INFO.SP.SIMPLE_PRIM36.ram/CLKARDCLK
  -------------------------------------------------------------------    -------------------
    RAMB36_X2Y10         RAMB36E1 (Prop_ramb36e1_CLKARDCLK_DOADO[5])
                                                      2.454     0.165 f  inst_rom0/U0/inst_blk_mem_gen/gnbram.gnativebmg.native_blk_mem_gen/valid.cstr/ramloop[22].ram.r/prim_init.ram/DEVICE_7SERIES.NO_BMM_INFO.SP.SIMPLE_PRIM36.ram/DOADO[5]
                         net (fo=1, routed)           1.879     2.043    inst_rom0/U0/inst_blk_mem_gen/gnbram.gnativebmg.native_blk_mem_gen/valid.cstr/has_mux_a.A/DEVICE_7SERIES.NO_BMM_INFO.SP.SIMPLE_PRIM36.ram_31[5]
    SLICE_X48Y44         LUT6 (Prop_lut6_I3_O)        0.124     2.167 f  inst_rom0/U0/inst_blk_mem_gen/gnbram.gnativebmg.native_blk_mem_gen/valid.cstr/has_mux_a.A/douta[28]_INST_0_i_1/O
                         net (fo=1, routed)           0.000     2.167    inst_rom0/U0/inst_blk_mem_gen/gnbram.gnativebmg.native_blk_mem_gen/valid.cstr/has_mux_a.A/douta[28]_INST_0_i_1_n_0
    SLICE_X48Y44         MUXF7 (Prop_muxf7_I0_O)      0.212     2.379 f  inst_rom0/U0/inst_blk_mem_gen/gnbram.gnativebmg.native_blk_mem_gen/valid.cstr/has_mux_a.A/douta[28]_INST_0/O
                         net (fo=1, routed)           0.441     2.820    dev_if0/inst_dout[28]
    SLICE_X48Y44         LUT2 (Prop_lut2_I1_O)        0.328     3.148 f  dev_if0/inst[28]_INST_0/O
                         net (fo=31, routed)          1.235     4.383    minimips32/id_stage0/id_inst_i[28]
    SLICE_X52Y37         LUT3 (Prop_lut3_I0_O)        0.357     4.740 r  minimips32/id_stage0/id_aluop_o[0]_INST_0_i_8/O
                         net (fo=6, routed)           0.882     5.621    minimips32/id_stage0/id_aluop_o[0]_INST_0_i_8_n_0
    SLICE_X53Y36         LUT6 (Prop_lut6_I1_O)        0.327     5.948 r  minimips32/id_stage0/id_alutype_o[1]_INST_0_i_5/O
                         net (fo=4, routed)           0.412     6.361    minimips32/id_stage0/id_alutype_o[1]_INST_0_i_5_n_0
    SLICE_X53Y36         LUT4 (Prop_lut4_I0_O)        0.124     6.485 r  minimips32/id_stage0/id_aluop_o[4]_INST_0_i_6/O
                         net (fo=3, routed)           0.586     7.070    minimips32/id_stage0/inst_and
    SLICE_X52Y35         LUT3 (Prop_lut3_I1_O)        0.124     7.194 r  minimips32/id_stage0/rreg1_INST_0_i_1/O
                         net (fo=6, routed)           0.590     7.784    minimips32/id_stage0/rreg1_INST_0_i_1_n_0
    SLICE_X51Y34         LUT5 (Prop_lut5_I0_O)        0.124     7.908 r  minimips32/id_stage0/rreg1_INST_0/O
                         net (fo=33, routed)          0.503     8.412    minimips32/regfile0/re1
    SLICE_X48Y33         LUT2 (Prop_lut2_I1_O)        0.124     8.536 r  minimips32/regfile0/rd1[31]_INST_0_i_5/O
                         net (fo=1, routed)           0.451     8.987    minimips32/regfile0/rd1[31]_INST_0_i_5_n_0
    SLICE_X45Y31         LUT6 (Prop_lut6_I5_O)        0.124     9.111 r  minimips32/regfile0/rd1[31]_INST_0_i_2/O
                         net (fo=32, routed)          0.890    10.001    minimips32/regfile0/rd11
    SLICE_X39Y30         LUT6 (Prop_lut6_I3_O)        0.124    10.125 f  minimips32/regfile0/rd1[7]_INST_0/O
                         net (fo=1, routed)           0.595    10.721    minimips32/id_stage0/rd1[7]
    SLICE_X39Y30         LUT6 (Prop_lut6_I4_O)        0.124    10.845 f  minimips32/id_stage0/id_src1_o[7]_INST_0/O
                         net (fo=9, routed)           0.801    11.645    minimips32/id_stage0/id_src1_o[7]
    SLICE_X50Y30         LUT2 (Prop_lut2_I0_O)        0.124    11.769 r  minimips32/id_stage0/jtsel[1]_INST_0_i_176/O
                         net (fo=1, routed)           0.000    11.769    minimips32/id_stage0/jtsel[1]_INST_0_i_176_n_0
    SLICE_X50Y30         CARRY4 (Prop_carry4_S[3]_CO[3])
                                                      0.376    12.145 r  minimips32/id_stage0/jtsel[1]_INST_0_i_130/CO[3]
                         net (fo=1, routed)           0.000    12.145    minimips32/id_stage0/jtsel[1]_INST_0_i_130_n_0
    SLICE_X50Y31         CARRY4 (Prop_carry4_CI_CO[3])
                                                      0.117    12.262 r  minimips32/id_stage0/jtsel[1]_INST_0_i_70/CO[3]
                         net (fo=1, routed)           0.000    12.262    minimips32/id_stage0/jtsel[1]_INST_0_i_70_n_0
    SLICE_X50Y32         CARRY4 (Prop_carry4_CI_CO[3])
                                                      0.117    12.379 r  minimips32/id_stage0/jtsel[1]_INST_0_i_31/CO[3]
                         net (fo=1, routed)           0.000    12.379    minimips32/id_stage0/jtsel[1]_INST_0_i_31_n_0
    SLICE_X50Y33         CARRY4 (Prop_carry4_CI_CO[3])
                                                      0.117    12.496 r  minimips32/id_stage0/jtsel[1]_INST_0_i_12/CO[3]
                         net (fo=1, routed)           1.011    13.508    minimips32/id_stage0/data4
    SLICE_X52Y35         LUT4 (Prop_lut4_I0_O)        0.124    13.632 r  minimips32/id_stage0/jtsel[1]_INST_0_i_5/O
                         net (fo=2, routed)           0.818    14.450    minimips32/id_stage0/jtsel[1]_INST_0_i_5_n_0
    SLICE_X39Y35         LUT6 (Prop_lut6_I4_O)        0.124    14.574 r  minimips32/id_stage0/jtsel[1]_INST_0/O
                         net (fo=62, routed)          0.780    15.353    minimips32/if_stage0/jtsel[1]
    SLICE_X40Y35         LUT3 (Prop_lut3_I1_O)        0.153    15.506 r  minimips32/if_stage0/pc[2]_i_3/O
                         net (fo=1, routed)           0.424    15.931    minimips32/if_stage0/pc[2]_i_3_n_0
    SLICE_X40Y34         LUT6 (Prop_lut6_I0_O)        0.327    16.258 r  minimips32/if_stage0/pc[2]_i_2/O
                         net (fo=1, routed)           0.767    17.024    minimips32/if_stage0/p_0_in[2]
    SLICE_X40Y34         LUT3 (Prop_lut3_I2_O)        0.153    17.177 r  minimips32/if_stage0/pc[2]_i_1/O
                         net (fo=1, routed)           0.000    17.177    minimips32/if_stage0/p_2_in[2]
    SLICE_X40Y34         FDRE                                         r  minimips32/if_stage0/pc_reg[2]/D
  -------------------------------------------------------------------    -------------------

                         (clock clk_out1_clk_wiz_0 rise edge)
                                                     20.000    20.000 r  
    E3                                                0.000    20.000 r  sys_clk_100M (IN)
                         net (fo=0)                   0.000    20.000    clocking/inst/clk_in1
    E3                   IBUF (Prop_ibuf_I_O)         1.411    21.411 r  clocking/inst/clkin1_ibufg/O
                         net (fo=1, routed)           1.181    22.592    clocking/inst/clk_in1_clk_wiz_0
    PLLE2_ADV_X1Y2       PLLE2_ADV (Prop_plle2_adv_CLKIN1_CLKOUT0)
                                                     -7.856    14.736 r  clocking/inst/plle2_adv_inst/CLKOUT0
                         net (fo=1, routed)           1.634    16.370    clocking/inst/clk_out1_clk_wiz_0
    BUFGCTRL_X0Y16       BUFG (Prop_bufg_I_O)         0.091    16.461 r  clocking/inst/clkout1_buf/O
                         net (fo=2202, routed)        1.677    18.138    minimips32/if_stage0/cpu_clk_50M
    SLICE_X40Y34         FDRE                                         r  minimips32/if_stage0/pc_reg[2]/C
                         clock pessimism             -0.502    17.637    
                         clock uncertainty           -0.108    17.529    
    SLICE_X40Y34         FDRE (Setup_fdre_C_D)        0.075    17.604    minimips32/if_stage0/pc_reg[2]
  -------------------------------------------------------------------
                         required time                         17.604    
                         arrival time                         -17.177    
  -------------------------------------------------------------------
                         slack                                  0.427    





Min Delay Paths
--------------------------------------------------------------------------------------
Slack (MET) :             0.058ns  (arrival time - required time)
  Source:                 minimips32/idexe_reg0/exe_pc_reg[1]/C
                            (rising edge-triggered cell FDRE clocked by clk_out1_clk_wiz_0_1  {rise@0.000ns fall@10.000ns period=20.000ns})
  Destination:            minimips32/exemem_reg0/mem_pc_reg[1]/D
                            (rising edge-triggered cell FDRE clocked by clk_out1_clk_wiz_0  {rise@0.000ns fall@10.000ns period=20.000ns})
  Path Group:             clk_out1_clk_wiz_0
  Path Type:              Hold (Min at Fast Process Corner)
  Requirement:            0.000ns  (clk_out1_clk_wiz_0 rise@0.000ns - clk_out1_clk_wiz_0_1 rise@0.000ns)
  Data Path Delay:        0.286ns  (logic 0.189ns (66.115%)  route 0.097ns (33.885%))
  Logic Levels:           1  (LUT2=1)
  Clock Path Skew:        0.013ns (DCD - SCD - CPR)
    Destination Clock Delay (DCD):    -0.252ns
    Source Clock Delay      (SCD):    -0.485ns
    Clock Pessimism Removal (CPR):    0.219ns
  Clock Uncertainty:      0.108ns  ((TSJ^2 + DJ^2)^1/2) / 2 + PE
    Total System Jitter     (TSJ):    0.071ns
    Discrete Jitter          (DJ):    0.203ns
    Phase Error              (PE):    0.000ns
  Clock Domain Crossing:  Inter clock paths are considered valid unless explicitly excluded by timing constraints such as set_clock_groups or set_false_path.

    Location             Delay type                Incr(ns)  Path(ns)    Netlist Resource(s)
  -------------------------------------------------------------------    -------------------
                         (clock clk_out1_clk_wiz_0_1 rise edge)
                                                      0.000     0.000 r  
    E3                                                0.000     0.000 r  sys_clk_100M (IN)
                         net (fo=0)                   0.000     0.000    clocking/inst/clk_in1
    E3                   IBUF (Prop_ibuf_I_O)         0.250     0.250 r  clocking/inst/clkin1_ibufg/O
                         net (fo=1, routed)           0.440     0.690    clocking/inst/clk_in1_clk_wiz_0
    PLLE2_ADV_X1Y2       PLLE2_ADV (Prop_plle2_adv_CLKIN1_CLKOUT0)
                                                     -2.342    -1.652 r  clocking/inst/plle2_adv_inst/CLKOUT0
                         net (fo=1, routed)           0.514    -1.138    clocking/inst/clk_out1_clk_wiz_0
    BUFGCTRL_X0Y16       BUFG (Prop_bufg_I_O)         0.026    -1.112 r  clocking/inst/clkout1_buf/O
                         net (fo=2202, routed)        0.627    -0.485    minimips32/idexe_reg0/cpu_clk_50M
    SLICE_X49Y33         FDRE                                         r  minimips32/idexe_reg0/exe_pc_reg[1]/C
  -------------------------------------------------------------------    -------------------
    SLICE_X49Y33         FDRE (Prop_fdre_C_Q)         0.141    -0.344 r  minimips32/idexe_reg0/exe_pc_reg[1]/Q
                         net (fo=2, routed)           0.097    -0.247    minimips32/exe_stage0/exe_pc_i[1]
    SLICE_X48Y33         LUT2 (Prop_lut2_I1_O)        0.048    -0.199 r  minimips32/exe_stage0/exe_pc_o[1]_INST_0/O
                         net (fo=1, routed)           0.000    -0.199    minimips32/exemem_reg0/exe_pc[1]
    SLICE_X48Y33         FDRE                                         r  minimips32/exemem_reg0/mem_pc_reg[1]/D
  -------------------------------------------------------------------    -------------------

                         (clock clk_out1_clk_wiz_0 rise edge)
                                                      0.000     0.000 r  
    E3                                                0.000     0.000 r  sys_clk_100M (IN)
                         net (fo=0)                   0.000     0.000    clocking/inst/clk_in1
    E3                   IBUF (Prop_ibuf_I_O)         0.438     0.438 r  clocking/inst/clkin1_ibufg/O
                         net (fo=1, routed)           0.481     0.919    clocking/inst/clk_in1_clk_wiz_0
    PLLE2_ADV_X1Y2       PLLE2_ADV (Prop_plle2_adv_CLKIN1_CLKOUT0)
                                                     -2.659    -1.740 r  clocking/inst/plle2_adv_inst/CLKOUT0
                         net (fo=1, routed)           0.560    -1.181    clocking/inst/clk_out1_clk_wiz_0
    BUFGCTRL_X0Y16       BUFG (Prop_bufg_I_O)         0.029    -1.152 r  clocking/inst/clkout1_buf/O
                         net (fo=2202, routed)        0.900    -0.252    minimips32/exemem_reg0/cpu_clk_50M
    SLICE_X48Y33         FDRE                                         r  minimips32/exemem_reg0/mem_pc_reg[1]/C
                         clock pessimism             -0.219    -0.472    
                         clock uncertainty            0.108    -0.364    
    SLICE_X48Y33         FDRE (Hold_fdre_C_D)         0.107    -0.257    minimips32/exemem_reg0/mem_pc_reg[1]
  -------------------------------------------------------------------
                         required time                          0.257    
                         arrival time                          -0.199    
  -------------------------------------------------------------------
                         slack                                  0.058    





---------------------------------------------------------------------------------------------------
From Clock:  clk_out1_clk_wiz_0
  To Clock:  clk_out1_clk_wiz_0_1

Setup :            0  Failing Endpoints,  Worst Slack        0.427ns,  Total Violation        0.000ns
Hold  :            0  Failing Endpoints,  Worst Slack        0.058ns,  Total Violation        0.000ns
---------------------------------------------------------------------------------------------------


Max Delay Paths
--------------------------------------------------------------------------------------
Slack (MET) :             0.427ns  (required time - arrival time)
  Source:                 inst_rom0/U0/inst_blk_mem_gen/gnbram.gnativebmg.native_blk_mem_gen/valid.cstr/ramloop[22].ram.r/prim_init.ram/DEVICE_7SERIES.NO_BMM_INFO.SP.SIMPLE_PRIM36.ram/CLKARDCLK
                            (rising edge-triggered cell RAMB36E1 clocked by clk_out1_clk_wiz_0  {rise@0.000ns fall@10.000ns period=20.000ns})
  Destination:            minimips32/if_stage0/pc_reg[2]/D
                            (rising edge-triggered cell FDRE clocked by clk_out1_clk_wiz_0_1  {rise@0.000ns fall@10.000ns period=20.000ns})
  Path Group:             clk_out1_clk_wiz_0_1
  Path Type:              Setup (Max at Slow Process Corner)
  Requirement:            20.000ns  (clk_out1_clk_wiz_0_1 rise@20.000ns - clk_out1_clk_wiz_0 rise@0.000ns)
  Data Path Delay:        19.467ns  (logic 6.402ns (32.887%)  route 13.065ns (67.113%))
  Logic Levels:           22  (CARRY4=4 LUT2=3 LUT3=4 LUT4=2 LUT5=1 LUT6=7 MUXF7=1)
  Clock Path Skew:        -0.074ns (DCD - SCD + CPR)
    Destination Clock Delay (DCD):    -1.862ns = ( 18.138 - 20.000 ) 
    Source Clock Delay      (SCD):    -2.289ns
    Clock Pessimism Removal (CPR):    -0.502ns
  Clock Uncertainty:      0.108ns  ((TSJ^2 + DJ^2)^1/2) / 2 + PE
    Total System Jitter     (TSJ):    0.071ns
    Discrete Jitter          (DJ):    0.203ns
    Phase Error              (PE):    0.000ns
  Clock Domain Crossing:  Inter clock paths are considered valid unless explicitly excluded by timing constraints such as set_clock_groups or set_false_path.

    Location             Delay type                Incr(ns)  Path(ns)    Netlist Resource(s)
  -------------------------------------------------------------------    -------------------
                         (clock clk_out1_clk_wiz_0 rise edge)
                                                      0.000     0.000 r  
    E3                                                0.000     0.000 r  sys_clk_100M (IN)
                         net (fo=0)                   0.000     0.000    clocking/inst/clk_in1
    E3                   IBUF (Prop_ibuf_I_O)         1.482     1.482 r  clocking/inst/clkin1_ibufg/O
                         net (fo=1, routed)           1.253     2.735    clocking/inst/clk_in1_clk_wiz_0
    PLLE2_ADV_X1Y2       PLLE2_ADV (Prop_plle2_adv_CLKIN1_CLKOUT0)
                                                     -8.591    -5.856 r  clocking/inst/plle2_adv_inst/CLKOUT0
                         net (fo=1, routed)           1.713    -4.143    clocking/inst/clk_out1_clk_wiz_0
    BUFGCTRL_X0Y16       BUFG (Prop_bufg_I_O)         0.096    -4.047 r  clocking/inst/clkout1_buf/O
                         net (fo=2202, routed)        1.758    -2.289    inst_rom0/U0/inst_blk_mem_gen/gnbram.gnativebmg.native_blk_mem_gen/valid.cstr/ramloop[22].ram.r/prim_init.ram/clka
    RAMB36_X2Y10         RAMB36E1                                     r  inst_rom0/U0/inst_blk_mem_gen/gnbram.gnativebmg.native_blk_mem_gen/valid.cstr/ramloop[22].ram.r/prim_init.ram/DEVICE_7SERIES.NO_BMM_INFO.SP.SIMPLE_PRIM36.ram/CLKARDCLK
  -------------------------------------------------------------------    -------------------
    RAMB36_X2Y10         RAMB36E1 (Prop_ramb36e1_CLKARDCLK_DOADO[5])
                                                      2.454     0.165 f  inst_rom0/U0/inst_blk_mem_gen/gnbram.gnativebmg.native_blk_mem_gen/valid.cstr/ramloop[22].ram.r/prim_init.ram/DEVICE_7SERIES.NO_BMM_INFO.SP.SIMPLE_PRIM36.ram/DOADO[5]
                         net (fo=1, routed)           1.879     2.043    inst_rom0/U0/inst_blk_mem_gen/gnbram.gnativebmg.native_blk_mem_gen/valid.cstr/has_mux_a.A/DEVICE_7SERIES.NO_BMM_INFO.SP.SIMPLE_PRIM36.ram_31[5]
    SLICE_X48Y44         LUT6 (Prop_lut6_I3_O)        0.124     2.167 f  inst_rom0/U0/inst_blk_mem_gen/gnbram.gnativebmg.native_blk_mem_gen/valid.cstr/has_mux_a.A/douta[28]_INST_0_i_1/O
                         net (fo=1, routed)           0.000     2.167    inst_rom0/U0/inst_blk_mem_gen/gnbram.gnativebmg.native_blk_mem_gen/valid.cstr/has_mux_a.A/douta[28]_INST_0_i_1_n_0
    SLICE_X48Y44         MUXF7 (Prop_muxf7_I0_O)      0.212     2.379 f  inst_rom0/U0/inst_blk_mem_gen/gnbram.gnativebmg.native_blk_mem_gen/valid.cstr/has_mux_a.A/douta[28]_INST_0/O
                         net (fo=1, routed)           0.441     2.820    dev_if0/inst_dout[28]
    SLICE_X48Y44         LUT2 (Prop_lut2_I1_O)        0.328     3.148 f  dev_if0/inst[28]_INST_0/O
                         net (fo=31, routed)          1.235     4.383    minimips32/id_stage0/id_inst_i[28]
    SLICE_X52Y37         LUT3 (Prop_lut3_I0_O)        0.357     4.740 r  minimips32/id_stage0/id_aluop_o[0]_INST_0_i_8/O
                         net (fo=6, routed)           0.882     5.621    minimips32/id_stage0/id_aluop_o[0]_INST_0_i_8_n_0
    SLICE_X53Y36         LUT6 (Prop_lut6_I1_O)        0.327     5.948 r  minimips32/id_stage0/id_alutype_o[1]_INST_0_i_5/O
                         net (fo=4, routed)           0.412     6.361    minimips32/id_stage0/id_alutype_o[1]_INST_0_i_5_n_0
    SLICE_X53Y36         LUT4 (Prop_lut4_I0_O)        0.124     6.485 r  minimips32/id_stage0/id_aluop_o[4]_INST_0_i_6/O
                         net (fo=3, routed)           0.586     7.070    minimips32/id_stage0/inst_and
    SLICE_X52Y35         LUT3 (Prop_lut3_I1_O)        0.124     7.194 r  minimips32/id_stage0/rreg1_INST_0_i_1/O
                         net (fo=6, routed)           0.590     7.784    minimips32/id_stage0/rreg1_INST_0_i_1_n_0
    SLICE_X51Y34         LUT5 (Prop_lut5_I0_O)        0.124     7.908 r  minimips32/id_stage0/rreg1_INST_0/O
                         net (fo=33, routed)          0.503     8.412    minimips32/regfile0/re1
    SLICE_X48Y33         LUT2 (Prop_lut2_I1_O)        0.124     8.536 r  minimips32/regfile0/rd1[31]_INST_0_i_5/O
                         net (fo=1, routed)           0.451     8.987    minimips32/regfile0/rd1[31]_INST_0_i_5_n_0
    SLICE_X45Y31         LUT6 (Prop_lut6_I5_O)        0.124     9.111 r  minimips32/regfile0/rd1[31]_INST_0_i_2/O
                         net (fo=32, routed)          0.890    10.001    minimips32/regfile0/rd11
    SLICE_X39Y30         LUT6 (Prop_lut6_I3_O)        0.124    10.125 f  minimips32/regfile0/rd1[7]_INST_0/O
                         net (fo=1, routed)           0.595    10.721    minimips32/id_stage0/rd1[7]
    SLICE_X39Y30         LUT6 (Prop_lut6_I4_O)        0.124    10.845 f  minimips32/id_stage0/id_src1_o[7]_INST_0/O
                         net (fo=9, routed)           0.801    11.645    minimips32/id_stage0/id_src1_o[7]
    SLICE_X50Y30         LUT2 (Prop_lut2_I0_O)        0.124    11.769 r  minimips32/id_stage0/jtsel[1]_INST_0_i_176/O
                         net (fo=1, routed)           0.000    11.769    minimips32/id_stage0/jtsel[1]_INST_0_i_176_n_0
    SLICE_X50Y30         CARRY4 (Prop_carry4_S[3]_CO[3])
                                                      0.376    12.145 r  minimips32/id_stage0/jtsel[1]_INST_0_i_130/CO[3]
                         net (fo=1, routed)           0.000    12.145    minimips32/id_stage0/jtsel[1]_INST_0_i_130_n_0
    SLICE_X50Y31         CARRY4 (Prop_carry4_CI_CO[3])
                                                      0.117    12.262 r  minimips32/id_stage0/jtsel[1]_INST_0_i_70/CO[3]
                         net (fo=1, routed)           0.000    12.262    minimips32/id_stage0/jtsel[1]_INST_0_i_70_n_0
    SLICE_X50Y32         CARRY4 (Prop_carry4_CI_CO[3])
                                                      0.117    12.379 r  minimips32/id_stage0/jtsel[1]_INST_0_i_31/CO[3]
                         net (fo=1, routed)           0.000    12.379    minimips32/id_stage0/jtsel[1]_INST_0_i_31_n_0
    SLICE_X50Y33         CARRY4 (Prop_carry4_CI_CO[3])
                                                      0.117    12.496 r  minimips32/id_stage0/jtsel[1]_INST_0_i_12/CO[3]
                         net (fo=1, routed)           1.011    13.508    minimips32/id_stage0/data4
    SLICE_X52Y35         LUT4 (Prop_lut4_I0_O)        0.124    13.632 r  minimips32/id_stage0/jtsel[1]_INST_0_i_5/O
                         net (fo=2, routed)           0.818    14.450    minimips32/id_stage0/jtsel[1]_INST_0_i_5_n_0
    SLICE_X39Y35         LUT6 (Prop_lut6_I4_O)        0.124    14.574 r  minimips32/id_stage0/jtsel[1]_INST_0/O
                         net (fo=62, routed)          0.780    15.353    minimips32/if_stage0/jtsel[1]
    SLICE_X40Y35         LUT3 (Prop_lut3_I1_O)        0.153    15.506 r  minimips32/if_stage0/pc[2]_i_3/O
                         net (fo=1, routed)           0.424    15.931    minimips32/if_stage0/pc[2]_i_3_n_0
    SLICE_X40Y34         LUT6 (Prop_lut6_I0_O)        0.327    16.258 r  minimips32/if_stage0/pc[2]_i_2/O
                         net (fo=1, routed)           0.767    17.024    minimips32/if_stage0/p_0_in[2]
    SLICE_X40Y34         LUT3 (Prop_lut3_I2_O)        0.153    17.177 r  minimips32/if_stage0/pc[2]_i_1/O
                         net (fo=1, routed)           0.000    17.177    minimips32/if_stage0/p_2_in[2]
    SLICE_X40Y34         FDRE                                         r  minimips32/if_stage0/pc_reg[2]/D
  -------------------------------------------------------------------    -------------------

                         (clock clk_out1_clk_wiz_0_1 rise edge)
                                                     20.000    20.000 r  
    E3                                                0.000    20.000 r  sys_clk_100M (IN)
                         net (fo=0)                   0.000    20.000    clocking/inst/clk_in1
    E3                   IBUF (Prop_ibuf_I_O)         1.411    21.411 r  clocking/inst/clkin1_ibufg/O
                         net (fo=1, routed)           1.181    22.592    clocking/inst/clk_in1_clk_wiz_0
    PLLE2_ADV_X1Y2       PLLE2_ADV (Prop_plle2_adv_CLKIN1_CLKOUT0)
                                                     -7.856    14.736 r  clocking/inst/plle2_adv_inst/CLKOUT0
                         net (fo=1, routed)           1.634    16.370    clocking/inst/clk_out1_clk_wiz_0
    BUFGCTRL_X0Y16       BUFG (Prop_bufg_I_O)         0.091    16.461 r  clocking/inst/clkout1_buf/O
                         net (fo=2202, routed)        1.677    18.138    minimips32/if_stage0/cpu_clk_50M
    SLICE_X40Y34         FDRE                                         r  minimips32/if_stage0/pc_reg[2]/C
                         clock pessimism             -0.502    17.637    
                         clock uncertainty           -0.108    17.529    
    SLICE_X40Y34         FDRE (Setup_fdre_C_D)        0.075    17.604    minimips32/if_stage0/pc_reg[2]
  -------------------------------------------------------------------
                         required time                         17.604    
                         arrival time                         -17.177    
  -------------------------------------------------------------------
                         slack                                  0.427    





Min Delay Paths
--------------------------------------------------------------------------------------
Slack (MET) :             0.058ns  (arrival time - required time)
  Source:                 minimips32/idexe_reg0/exe_pc_reg[1]/C
                            (rising edge-triggered cell FDRE clocked by clk_out1_clk_wiz_0  {rise@0.000ns fall@10.000ns period=20.000ns})
  Destination:            minimips32/exemem_reg0/mem_pc_reg[1]/D
                            (rising edge-triggered cell FDRE clocked by clk_out1_clk_wiz_0_1  {rise@0.000ns fall@10.000ns period=20.000ns})
  Path Group:             clk_out1_clk_wiz_0_1
  Path Type:              Hold (Min at Fast Process Corner)
  Requirement:            0.000ns  (clk_out1_clk_wiz_0_1 rise@0.000ns - clk_out1_clk_wiz_0 rise@0.000ns)
  Data Path Delay:        0.286ns  (logic 0.189ns (66.115%)  route 0.097ns (33.885%))
  Logic Levels:           1  (LUT2=1)
  Clock Path Skew:        0.013ns (DCD - SCD - CPR)
    Destination Clock Delay (DCD):    -0.252ns
    Source Clock Delay      (SCD):    -0.485ns
    Clock Pessimism Removal (CPR):    0.219ns
  Clock Uncertainty:      0.108ns  ((TSJ^2 + DJ^2)^1/2) / 2 + PE
    Total System Jitter     (TSJ):    0.071ns
    Discrete Jitter          (DJ):    0.203ns
    Phase Error              (PE):    0.000ns
  Clock Domain Crossing:  Inter clock paths are considered valid unless explicitly excluded by timing constraints such as set_clock_groups or set_false_path.

    Location             Delay type                Incr(ns)  Path(ns)    Netlist Resource(s)
  -------------------------------------------------------------------    -------------------
                         (clock clk_out1_clk_wiz_0 rise edge)
                                                      0.000     0.000 r  
    E3                                                0.000     0.000 r  sys_clk_100M (IN)
                         net (fo=0)                   0.000     0.000    clocking/inst/clk_in1
    E3                   IBUF (Prop_ibuf_I_O)         0.250     0.250 r  clocking/inst/clkin1_ibufg/O
                         net (fo=1, routed)           0.440     0.690    clocking/inst/clk_in1_clk_wiz_0
    PLLE2_ADV_X1Y2       PLLE2_ADV (Prop_plle2_adv_CLKIN1_CLKOUT0)
                                                     -2.342    -1.652 r  clocking/inst/plle2_adv_inst/CLKOUT0
                         net (fo=1, routed)           0.514    -1.138    clocking/inst/clk_out1_clk_wiz_0
    BUFGCTRL_X0Y16       BUFG (Prop_bufg_I_O)         0.026    -1.112 r  clocking/inst/clkout1_buf/O
                         net (fo=2202, routed)        0.627    -0.485    minimips32/idexe_reg0/cpu_clk_50M
    SLICE_X49Y33         FDRE                                         r  minimips32/idexe_reg0/exe_pc_reg[1]/C
  -------------------------------------------------------------------    -------------------
    SLICE_X49Y33         FDRE (Prop_fdre_C_Q)         0.141    -0.344 r  minimips32/idexe_reg0/exe_pc_reg[1]/Q
                         net (fo=2, routed)           0.097    -0.247    minimips32/exe_stage0/exe_pc_i[1]
    SLICE_X48Y33         LUT2 (Prop_lut2_I1_O)        0.048    -0.199 r  minimips32/exe_stage0/exe_pc_o[1]_INST_0/O
                         net (fo=1, routed)           0.000    -0.199    minimips32/exemem_reg0/exe_pc[1]
    SLICE_X48Y33         FDRE                                         r  minimips32/exemem_reg0/mem_pc_reg[1]/D
  -------------------------------------------------------------------    -------------------

                         (clock clk_out1_clk_wiz_0_1 rise edge)
                                                      0.000     0.000 r  
    E3                                                0.000     0.000 r  sys_clk_100M (IN)
                         net (fo=0)                   0.000     0.000    clocking/inst/clk_in1
    E3                   IBUF (Prop_ibuf_I_O)         0.438     0.438 r  clocking/inst/clkin1_ibufg/O
                         net (fo=1, routed)           0.481     0.919    clocking/inst/clk_in1_clk_wiz_0
    PLLE2_ADV_X1Y2       PLLE2_ADV (Prop_plle2_adv_CLKIN1_CLKOUT0)
                                                     -2.659    -1.740 r  clocking/inst/plle2_adv_inst/CLKOUT0
                         net (fo=1, routed)           0.560    -1.181    clocking/inst/clk_out1_clk_wiz_0
    BUFGCTRL_X0Y16       BUFG (Prop_bufg_I_O)         0.029    -1.152 r  clocking/inst/clkout1_buf/O
                         net (fo=2202, routed)        0.900    -0.252    minimips32/exemem_reg0/cpu_clk_50M
    SLICE_X48Y33         FDRE                                         r  minimips32/exemem_reg0/mem_pc_reg[1]/C
                         clock pessimism             -0.219    -0.472    
                         clock uncertainty            0.108    -0.364    
    SLICE_X48Y33         FDRE (Hold_fdre_C_D)         0.107    -0.257    minimips32/exemem_reg0/mem_pc_reg[1]
  -------------------------------------------------------------------
                         required time                          0.257    
                         arrival time                          -0.199    
  -------------------------------------------------------------------
                         slack                                  0.058    





